Archive:  /home/user/Trixie/Egress 3 edge.zip
   creating: extract/Egress_3_edge.zip/netmap/
   creating: extract/Egress_3_edge.zip/netmap/results/
  inflating: extract/Egress_3_edge.zip/netmap/results/s2.json  
  inflating: extract/Egress_3_edge.zip/netmap/results/s1.json  
  inflating: extract/Egress_3_edge.zip/netmap/results/s1b.json  
  inflating: extract/Egress_3_edge.zip/netmap/results/s5_mitm.json  
  inflating: extract/Egress_3_edge.zip/netmap/results/s1c.json  
  inflating: extract/Egress_3_edge.zip/netmap/results/s1d.json  
  inflating: extract/Egress_3_edge.zip/netmap/results/s3.json  
  inflating: extract/Egress_3_edge.zip/netmap/results/s1d_v2.json  
  inflating: extract/Egress_3_edge.zip/netmap/results/s4_tcp.json  
  inflating: extract/Egress_3_edge.zip/netmap/results/s1e.json  
  inflating: extract/Egress_3_edge.zip/netmap/results/s5_sweep.json  
  inflating: extract/Egress_3_edge.zip/netmap/results/s4b_udp.json  
  inflating: extract/Egress_3_edge.zip/netmap/results/s4_portquiz.json  
  inflating: extract/Egress_3_edge.zip/netmap/results/s4c_udp_control.json  
  inflating: extract/Egress_3_edge.zip/netmap/results/s6_cloudflare.txt  
  inflating: extract/Egress_3_edge.zip/netmap/results/s6_raw.txt  
  inflating: extract/Egress_3_edge.zip/netmap/s1_tcp.py  
  inflating: extract/Egress_3_edge.zip/netmap/dnsprobe.py  
  inflating: extract/Egress_3_edge.zip/netmap/s1b_rtt.py  
  inflating: extract/Egress_3_edge.zip/netmap/s1c_connect_vs_ttfb.py  
  inflating: extract/Egress_3_edge.zip/netmap/s1d_proof.py  
  inflating: extract/Egress_3_edge.zip/netmap/s3_direct_ip.py  
  inflating: extract/Egress_3_edge.zip/netmap/s1d_v2.py  
  inflating: extract/Egress_3_edge.zip/netmap/s4_ports.py  
  inflating: extract/Egress_3_edge.zip/netmap/s1e_rangemap.py  
  inflating: extract/Egress_3_edge.zip/netmap/s4b_udp.py  
  inflating: extract/Egress_3_edge.zip/netmap/s4c_udp_control.py  
  inflating: extract/Egress_3_edge.zip/netmap/s6_bw.sh  
  inflating: extract/Egress_3_edge.zip/netmap/egress-policy-map.md  
  inflating: extract/Egress_3_edge.zip/netmap/s5_tls_intercept.py  
  inflating: extract/Egress_3_edge.zip/netmap/s5_sweep.py  
  inflating: extract/Egress_3_edge.zip/netmap/s4d_tcpdns_portquiz.py  
  inflating: extract/Egress_3_edge.zip/netmap/s7_gaps.py  
  inflating: extract/Egress_3_edge.zip/netmap/INDEX.md  
